  Domain -> D:\Documentos\SmartInventoryAPI\Domain\bin\Debug\net10.0\Domain.dll
  Application -> D:\Documentos\SmartInventoryAPI\Application\bin\Debug\net10.0\Application.dll
  Infrastructure -> D:\Documentos\SmartInventoryAPI\Infrastructure\bin\Debug\net10.0\Infrastructure.dll
C:\Program Files\dotnet\sdk\10.0.203\Microsoft.Common.CurrentVersion.targets(5094,5): warning MSB3026: No se pudo copiar "D:\Documentos\SmartInventoryAPI\Domain\bin\Debug\net10.0\Domain.dll" en "bin\Debug\net10.0\Domain.dll". Se iniciar├í el reintento 1 dentro de 1000ms. The process cannot access the file 'D:\Documentos\SmartInventoryAPI\Api\bin\Debug\net10.0\Domain.dll' because it is being used by another process. El archivo se ha bloqueado por: "Api (18548)" [D:\Documentos\SmartInventoryAPI\Api\Api.csproj]
C:\Program Files\dotnet\sdk\10.0.203\Microsoft.Common.CurrentVersion.targets(5094,5): warning MSB3026: No se pudo copiar "D:\Documentos\SmartInventoryAPI\Infrastructure\bin\Debug\net10.0\Infrastructure.dll" en "bin\Debug\net10.0\Infrastructure.dll". Se iniciar├í el reintento 1 dentro de 1000ms. The process cannot access the file 'D:\Documentos\SmartInventoryAPI\Api\bin\Debug\net10.0\Infrastructure.dll' because it is being used by another process. El archivo se ha bloqueado por: "Api (18548)" [D:\Documentos\SmartInventoryAPI\Api\Api.csproj]
C:\Program Files\dotnet\sdk\10.0.203\Microsoft.Common.CurrentVersion.targets(5094,5): warning MSB3026: No se pudo copiar "D:\Documentos\SmartInventoryAPI\Application\bin\Debug\net10.0\Application.dll" en "bin\Debug\net10.0\Application.dll". Se iniciar├í el reintento 1 dentro de 1000ms. The process cannot access the file 'D:\Documentos\SmartInventoryAPI\Api\bin\Debug\net10.0\Application.dll' because it is being used by another process. El archivo se ha bloqueado por: "Api (18548)" [D:\Documentos\SmartInventoryAPI\Api\Api.csproj]
C:\Program Files\dotnet\sdk\10.0.203\Microsoft.Common.CurrentVersion.targets(5094,5): warning MSB3026: No se pudo copiar "D:\Documentos\SmartInventoryAPI\Infrastructure\bin\Debug\net10.0\Infrastructure.dll" en "bin\Debug\net10.0\Infrastructure.dll". Se iniciar├í el reintento 2 dentro de 1000ms. The process cannot access the file 'D:\Documentos\SmartInventoryAPI\Api\bin\Debug\net10.0\Infrastructure.dll' because it is being used by another process. El archivo se ha bloqueado por: "Api (18548)" [D:\Documentos\SmartInventoryAPI\Api\Api.csproj]
C:\Program Files\dotnet\sdk\10.0.203\Microsoft.Common.CurrentVersion.targets(5094,5): warning MSB3026: No se pudo copiar "D:\Documentos\SmartInventoryAPI\Domain\bin\Debug\net10.0\Domain.dll" en "bin\Debug\net10.0\Domain.dll". Se iniciar├í el reintento 2 dentro de 1000ms. The process cannot access the file 'D:\Documentos\SmartInventoryAPI\Api\bin\Debug\net10.0\Domain.dll' because it is being used by another process. El archivo se ha bloqueado por: "Api (18548)" [D:\Documentos\SmartInventoryAPI\Api\Api.csproj]
C:\Program Files\dotnet\sdk\10.0.203\Microsoft.Common.CurrentVersion.targets(5094,5): warning MSB3026: No se pudo copiar "D:\Documentos\SmartInventoryAPI\Application\bin\Debug\net10.0\Application.dll" en "bin\Debug\net10.0\Application.dll". Se iniciar├í el reintento 2 dentro de 1000ms. The process cannot access the file 'D:\Documentos\SmartInventoryAPI\Api\bin\Debug\net10.0\Application.dll' because it is being used by another process. El archivo se ha bloqueado por: "Api (18548)" [D:\Documentos\SmartInventoryAPI\Api\Api.csproj]
C:\Program Files\dotnet\sdk\10.0.203\Microsoft.Common.CurrentVersion.targets(5094,5): warning MSB3026: No se pudo copiar "D:\Documentos\SmartInventoryAPI\Application\bin\Debug\net10.0\Application.dll" en "bin\Debug\net10.0\Application.dll". Se iniciar├í el reintento 3 dentro de 1000ms. The process cannot access the file 'D:\Documentos\SmartInventoryAPI\Api\bin\Debug\net10.0\Application.dll' because it is being used by another process. El archivo se ha bloqueado por: "Api (18548)" [D:\Documentos\SmartInventoryAPI\Api\Api.csproj]
C:\Program Files\dotnet\sdk\10.0.203\Microsoft.Common.CurrentVersion.targets(5094,5): warning MSB3026: No se pudo copiar "D:\Documentos\SmartInventoryAPI\Domain\bin\Debug\net10.0\Domain.dll" en "bin\Debug\net10.0\Domain.dll". Se iniciar├í el reintento 3 dentro de 1000ms. The process cannot access the file 'D:\Documentos\SmartInventoryAPI\Api\bin\Debug\net10.0\Domain.dll' because it is being used by another process. El archivo se ha bloqueado por: "Api (18548)" [D:\Documentos\SmartInventoryAPI\Api\Api.csproj]
C:\Program Files\dotnet\sdk\10.0.203\Microsoft.Common.CurrentVersion.targets(5094,5): warning MSB3026: No se pudo copiar "D:\Documentos\SmartInventoryAPI\Infrastructure\bin\Debug\net10.0\Infrastructure.dll" en "bin\Debug\net10.0\Infrastructure.dll". Se iniciar├í el reintento 3 dentro de 1000ms. The process cannot access the file 'D:\Documentos\SmartInventoryAPI\Api\bin\Debug\net10.0\Infrastructure.dll' because it is being used by another process. El archivo se ha bloqueado por: "Api (18548)" [D:\Documentos\SmartInventoryAPI\Api\Api.csproj]
C:\Program Files\dotnet\sdk\10.0.203\Microsoft.Common.CurrentVersion.targets(5094,5): warning MSB3026: No se pudo copiar "D:\Documentos\SmartInventoryAPI\Application\bin\Debug\net10.0\Application.dll" en "bin\Debug\net10.0\Application.dll". Se iniciar├í el reintento 4 dentro de 1000ms. The process cannot access the file 'D:\Documentos\SmartInventoryAPI\Api\bin\Debug\net10.0\Application.dll' because it is being used by another process. El archivo se ha bloqueado por: "Api (18548)" [D:\Documentos\SmartInventoryAPI\Api\Api.csproj]
C:\Program Files\dotnet\sdk\10.0.203\Microsoft.Common.CurrentVersion.targets(5094,5): warning MSB3026: No se pudo copiar "D:\Documentos\SmartInventoryAPI\Domain\bin\Debug\net10.0\Domain.dll" en "bin\Debug\net10.0\Domain.dll". Se iniciar├í el reintento 4 dentro de 1000ms. The process cannot access the file 'D:\Documentos\SmartInventoryAPI\Api\bin\Debug\net10.0\Domain.dll' because it is being used by another process. El archivo se ha bloqueado por: "Api (18548)" [D:\Documentos\SmartInventoryAPI\Api\Api.csproj]
C:\Program Files\dotnet\sdk\10.0.203\Microsoft.Common.CurrentVersion.targets(5094,5): warning MSB3026: No se pudo copiar "D:\Documentos\SmartInventoryAPI\Infrastructure\bin\Debug\net10.0\Infrastructure.dll" en "bin\Debug\net10.0\Infrastructure.dll". Se iniciar├í el reintento 4 dentro de 1000ms. The process cannot access the file 'D:\Documentos\SmartInventoryAPI\Api\bin\Debug\net10.0\Infrastructure.dll' because it is being used by another process. El archivo se ha bloqueado por: "Api (18548)" [D:\Documentos\SmartInventoryAPI\Api\Api.csproj]
C:\Program Files\dotnet\sdk\10.0.203\Microsoft.Common.CurrentVersion.targets(5094,5): warning MSB3026: No se pudo copiar "D:\Documentos\SmartInventoryAPI\Application\bin\Debug\net10.0\Application.dll" en "bin\Debug\net10.0\Application.dll". Se iniciar├í el reintento 5 dentro de 1000ms. The process cannot access the file 'D:\Documentos\SmartInventoryAPI\Api\bin\Debug\net10.0\Application.dll' because it is being used by another process. El archivo se ha bloqueado por: "Api (18548)" [D:\Documentos\SmartInventoryAPI\Api\Api.csproj]
C:\Program Files\dotnet\sdk\10.0.203\Microsoft.Common.CurrentVersion.targets(5094,5): warning MSB3026: No se pudo copiar "D:\Documentos\SmartInventoryAPI\Domain\bin\Debug\net10.0\Domain.dll" en "bin\Debug\net10.0\Domain.dll". Se iniciar├í el reintento 5 dentro de 1000ms. The process cannot access the file 'D:\Documentos\SmartInventoryAPI\Api\bin\Debug\net10.0\Domain.dll' because it is being used by another process. El archivo se ha bloqueado por: "Api (18548)" [D:\Documentos\SmartInventoryAPI\Api\Api.csproj]
C:\Program Files\dotnet\sdk\10.0.203\Microsoft.Common.CurrentVersion.targets(5094,5): warning MSB3026: No se pudo copiar "D:\Documentos\SmartInventoryAPI\Infrastructure\bin\Debug\net10.0\Infrastructure.dll" en "bin\Debug\net10.0\Infrastructure.dll". Se iniciar├í el reintento 5 dentro de 1000ms. The process cannot access the file 'D:\Documentos\SmartInventoryAPI\Api\bin\Debug\net10.0\Infrastructure.dll' because it is being used by another process. El archivo se ha bloqueado por: "Api (18548)" [D:\Documentos\SmartInventoryAPI\Api\Api.csproj]
C:\Program Files\dotnet\sdk\10.0.203\Microsoft.Common.CurrentVersion.targets(5094,5): warning MSB3026: No se pudo copiar "D:\Documentos\SmartInventoryAPI\Application\bin\Debug\net10.0\Application.dll" en "bin\Debug\net10.0\Application.dll". Se iniciar├í el reintento 6 dentro de 1000ms. The process cannot access the file 'D:\Documentos\SmartInventoryAPI\Api\bin\Debug\net10.0\Application.dll' because it is being used by another process. El archivo se ha bloqueado por: "Api (18548)" [D:\Documentos\SmartInventoryAPI\Api\Api.csproj]
C:\Program Files\dotnet\sdk\10.0.203\Microsoft.Common.CurrentVersion.targets(5094,5): warning MSB3026: No se pudo copiar "D:\Documentos\SmartInventoryAPI\Domain\bin\Debug\net10.0\Domain.dll" en "bin\Debug\net10.0\Domain.dll". Se iniciar├í el reintento 6 dentro de 1000ms. The process cannot access the file 'D:\Documentos\SmartInventoryAPI\Api\bin\Debug\net10.0\Domain.dll' because it is being used by another process. El archivo se ha bloqueado por: "Api (18548)" [D:\Documentos\SmartInventoryAPI\Api\Api.csproj]
C:\Program Files\dotnet\sdk\10.0.203\Microsoft.Common.CurrentVersion.targets(5094,5): warning MSB3026: No se pudo copiar "D:\Documentos\SmartInventoryAPI\Infrastructure\bin\Debug\net10.0\Infrastructure.dll" en "bin\Debug\net10.0\Infrastructure.dll". Se iniciar├í el reintento 6 dentro de 1000ms. The process cannot access the file 'D:\Documentos\SmartInventoryAPI\Api\bin\Debug\net10.0\Infrastructure.dll' because it is being used by another process. El archivo se ha bloqueado por: "Api (18548)" [D:\Documentos\SmartInventoryAPI\Api\Api.csproj]
C:\Program Files\dotnet\sdk\10.0.203\Microsoft.Common.CurrentVersion.targets(5094,5): warning MSB3026: No se pudo copiar "D:\Documentos\SmartInventoryAPI\Application\bin\Debug\net10.0\Application.dll" en "bin\Debug\net10.0\Application.dll". Se iniciar├í el reintento 7 dentro de 1000ms. The process cannot access the file 'D:\Documentos\SmartInventoryAPI\Api\bin\Debug\net10.0\Application.dll' because it is being used by another process. El archivo se ha bloqueado por: "Api (18548)" [D:\Documentos\SmartInventoryAPI\Api\Api.csproj]
C:\Program Files\dotnet\sdk\10.0.203\Microsoft.Common.CurrentVersion.targets(5094,5): warning MSB3026: No se pudo copiar "D:\Documentos\SmartInventoryAPI\Infrastructure\bin\Debug\net10.0\Infrastructure.dll" en "bin\Debug\net10.0\Infrastructure.dll". Se iniciar├í el reintento 7 dentro de 1000ms. The process cannot access the file 'D:\Documentos\SmartInventoryAPI\Api\bin\Debug\net10.0\Infrastructure.dll' because it is being used by another process. El archivo se ha bloqueado por: "Api (18548)" [D:\Documentos\SmartInventoryAPI\Api\Api.csproj]
C:\Program Files\dotnet\sdk\10.0.203\Microsoft.Common.CurrentVersion.targets(5094,5): warning MSB3026: No se pudo copiar "D:\Documentos\SmartInventoryAPI\Domain\bin\Debug\net10.0\Domain.dll" en "bin\Debug\net10.0\Domain.dll". Se iniciar├í el reintento 7 dentro de 1000ms. The process cannot access the file 'D:\Documentos\SmartInventoryAPI\Api\bin\Debug\net10.0\Domain.dll' because it is being used by another process. El archivo se ha bloqueado por: "Api (18548)" [D:\Documentos\SmartInventoryAPI\Api\Api.csproj]
C:\Program Files\dotnet\sdk\10.0.203\Microsoft.Common.CurrentVersion.targets(5094,5): warning MSB3026: No se pudo copiar "D:\Documentos\SmartInventoryAPI\Application\bin\Debug\net10.0\Application.dll" en "bin\Debug\net10.0\Application.dll". Se iniciar├í el reintento 8 dentro de 1000ms. The process cannot access the file 'D:\Documentos\SmartInventoryAPI\Api\bin\Debug\net10.0\Application.dll' because it is being used by another process. El archivo se ha bloqueado por: "Api (18548)" [D:\Documentos\SmartInventoryAPI\Api\Api.csproj]
C:\Program Files\dotnet\sdk\10.0.203\Microsoft.Common.CurrentVersion.targets(5094,5): warning MSB3026: No se pudo copiar "D:\Documentos\SmartInventoryAPI\Infrastructure\bin\Debug\net10.0\Infrastructure.dll" en "bin\Debug\net10.0\Infrastructure.dll". Se iniciar├í el reintento 8 dentro de 1000ms. The process cannot access the file 'D:\Documentos\SmartInventoryAPI\Api\bin\Debug\net10.0\Infrastructure.dll' because it is being used by another process. El archivo se ha bloqueado por: "Api (18548)" [D:\Documentos\SmartInventoryAPI\Api\Api.csproj]
C:\Program Files\dotnet\sdk\10.0.203\Microsoft.Common.CurrentVersion.targets(5094,5): warning MSB3026: No se pudo copiar "D:\Documentos\SmartInventoryAPI\Domain\bin\Debug\net10.0\Domain.dll" en "bin\Debug\net10.0\Domain.dll". Se iniciar├í el reintento 8 dentro de 1000ms. The process cannot access the file 'D:\Documentos\SmartInventoryAPI\Api\bin\Debug\net10.0\Domain.dll' because it is being used by another process. El archivo se ha bloqueado por: "Api (18548)" [D:\Documentos\SmartInventoryAPI\Api\Api.csproj]
C:\Program Files\dotnet\sdk\10.0.203\Microsoft.Common.CurrentVersion.targets(5094,5): warning MSB3026: No se pudo copiar "D:\Documentos\SmartInventoryAPI\Application\bin\Debug\net10.0\Application.dll" en "bin\Debug\net10.0\Application.dll". Se iniciar├í el reintento 9 dentro de 1000ms. The process cannot access the file 'D:\Documentos\SmartInventoryAPI\Api\bin\Debug\net10.0\Application.dll' because it is being used by another process. El archivo se ha bloqueado por: "Api (18548)" [D:\Documentos\SmartInventoryAPI\Api\Api.csproj]
C:\Program Files\dotnet\sdk\10.0.203\Microsoft.Common.CurrentVersion.targets(5094,5): warning MSB3026: No se pudo copiar "D:\Documentos\SmartInventoryAPI\Infrastructure\bin\Debug\net10.0\Infrastructure.dll" en "bin\Debug\net10.0\Infrastructure.dll". Se iniciar├í el reintento 9 dentro de 1000ms. The process cannot access the file 'D:\Documentos\SmartInventoryAPI\Api\bin\Debug\net10.0\Infrastructure.dll' because it is being used by another process. El archivo se ha bloqueado por: "Api (18548)" [D:\Documentos\SmartInventoryAPI\Api\Api.csproj]
C:\Program Files\dotnet\sdk\10.0.203\Microsoft.Common.CurrentVersion.targets(5094,5): warning MSB3026: No se pudo copiar "D:\Documentos\SmartInventoryAPI\Domain\bin\Debug\net10.0\Domain.dll" en "bin\Debug\net10.0\Domain.dll". Se iniciar├í el reintento 9 dentro de 1000ms. The process cannot access the file 'D:\Documentos\SmartInventoryAPI\Api\bin\Debug\net10.0\Domain.dll' because it is being used by another process. El archivo se ha bloqueado por: "Api (18548)" [D:\Documentos\SmartInventoryAPI\Api\Api.csproj]
C:\Program Files\dotnet\sdk\10.0.203\Microsoft.Common.CurrentVersion.targets(5094,5): warning MSB3026: No se pudo copiar "D:\Documentos\SmartInventoryAPI\Application\bin\Debug\net10.0\Application.dll" en "bin\Debug\net10.0\Application.dll". Se iniciar├í el reintento 10 dentro de 1000ms. The process cannot access the file 'D:\Documentos\SmartInventoryAPI\Api\bin\Debug\net10.0\Application.dll' because it is being used by another process. El archivo se ha bloqueado por: "Api (18548)" [D:\Documentos\SmartInventoryAPI\Api\Api.csproj]
C:\Program Files\dotnet\sdk\10.0.203\Microsoft.Common.CurrentVersion.targets(5094,5): warning MSB3026: No se pudo copiar "D:\Documentos\SmartInventoryAPI\Infrastructure\bin\Debug\net10.0\Infrastructure.dll" en "bin\Debug\net10.0\Infrastructure.dll". Se iniciar├í el reintento 10 dentro de 1000ms. The process cannot access the file 'D:\Documentos\SmartInventoryAPI\Api\bin\Debug\net10.0\Infrastructure.dll' because it is being used by another process. El archivo se ha bloqueado por: "Api (18548)" [D:\Documentos\SmartInventoryAPI\Api\Api.csproj]
C:\Program Files\dotnet\sdk\10.0.203\Microsoft.Common.CurrentVersion.targets(5094,5): warning MSB3026: No se pudo copiar "D:\Documentos\SmartInventoryAPI\Domain\bin\Debug\net10.0\Domain.dll" en "bin\Debug\net10.0\Domain.dll". Se iniciar├í el reintento 10 dentro de 1000ms. The process cannot access the file 'D:\Documentos\SmartInventoryAPI\Api\bin\Debug\net10.0\Domain.dll' because it is being used by another process. El archivo se ha bloqueado por: "Api (18548)" [D:\Documentos\SmartInventoryAPI\Api\Api.csproj]
C:\Program Files\dotnet\sdk\10.0.203\Microsoft.Common.CurrentVersion.targets(5094,5): error MSB3027: No se pudo copiar "D:\Documentos\SmartInventoryAPI\Application\bin\Debug\net10.0\Application.dll" en "bin\Debug\net10.0\Application.dll". Se super├│ el n├║mero de 10 reintentos. Error. El archivo se ha bloqueado por: "Api (18548)" [D:\Documentos\SmartInventoryAPI\Api\Api.csproj]
C:\Program Files\dotnet\sdk\10.0.203\Microsoft.Common.CurrentVersion.targets(5094,5): error MSB3021: No se puede copiar "D:\Documentos\SmartInventoryAPI\Application\bin\Debug\net10.0\Application.dll" en "bin\Debug\net10.0\Application.dll". The process cannot access the file 'D:\Documentos\SmartInventoryAPI\Api\bin\Debug\net10.0\Application.dll' because it is being used by another process. [D:\Documentos\SmartInventoryAPI\Api\Api.csproj]
C:\Program Files\dotnet\sdk\10.0.203\Microsoft.Common.CurrentVersion.targets(5094,5): error MSB3027: No se pudo copiar "D:\Documentos\SmartInventoryAPI\Infrastructure\bin\Debug\net10.0\Infrastructure.dll" en "bin\Debug\net10.0\Infrastructure.dll". Se super├│ el n├║mero de 10 reintentos. Error. El archivo se ha bloqueado por: "Api (18548)" [D:\Documentos\SmartInventoryAPI\Api\Api.csproj]
C:\Program Files\dotnet\sdk\10.0.203\Microsoft.Common.CurrentVersion.targets(5094,5): error MSB3021: No se puede copiar "D:\Documentos\SmartInventoryAPI\Infrastructure\bin\Debug\net10.0\Infrastructure.dll" en "bin\Debug\net10.0\Infrastructure.dll". The process cannot access the file 'D:\Documentos\SmartInventoryAPI\Api\bin\Debug\net10.0\Infrastructure.dll' because it is being used by another process. [D:\Documentos\SmartInventoryAPI\Api\Api.csproj]
C:\Program Files\dotnet\sdk\10.0.203\Microsoft.Common.CurrentVersion.targets(5094,5): error MSB3027: No se pudo copiar "D:\Documentos\SmartInventoryAPI\Domain\bin\Debug\net10.0\Domain.dll" en "bin\Debug\net10.0\Domain.dll". Se super├│ el n├║mero de 10 reintentos. Error. El archivo se ha bloqueado por: "Api (18548)" [D:\Documentos\SmartInventoryAPI\Api\Api.csproj]
C:\Program Files\dotnet\sdk\10.0.203\Microsoft.Common.CurrentVersion.targets(5094,5): error MSB3021: No se puede copiar "D:\Documentos\SmartInventoryAPI\Domain\bin\Debug\net10.0\Domain.dll" en "bin\Debug\net10.0\Domain.dll". The process cannot access the file 'D:\Documentos\SmartInventoryAPI\Api\bin\Debug\net10.0\Domain.dll' because it is being used by another process. [D:\Documentos\SmartInventoryAPI\Api\Api.csproj]

ERROR al compilar.

C:\Program Files\dotnet\sdk\10.0.203\Microsoft.Common.CurrentVersion.targets(5094,5): warning MSB3026: No se pudo copiar "D:\Documentos\SmartInventoryAPI\Domain\bin\Debug\net10.0\Domain.dll" en "bin\Debug\net10.0\Domain.dll". Se iniciar├í el reintento 1 dentro de 1000ms. The process cannot access the file 'D:\Documentos\SmartInventoryAPI\Api\bin\Debug\net10.0\Domain.dll' because it is being used by another process. El archivo se ha bloqueado por: "Api (18548)" [D:\Documentos\SmartInventoryAPI\Api\Api.csproj]
C:\Program Files\dotnet\sdk\10.0.203\Microsoft.Common.CurrentVersion.targets(5094,5): warning MSB3026: No se pudo copiar "D:\Documentos\SmartInventoryAPI\Infrastructure\bin\Debug\net10.0\Infrastructure.dll" en "bin\Debug\net10.0\Infrastructure.dll". Se iniciar├í el reintento 1 dentro de 1000ms. The process cannot access the file 'D:\Documentos\SmartInventoryAPI\Api\bin\Debug\net10.0\Infrastructure.dll' because it is being used by another process. El archivo se ha bloqueado por: "Api (18548)" [D:\Documentos\SmartInventoryAPI\Api\Api.csproj]
C:\Program Files\dotnet\sdk\10.0.203\Microsoft.Common.CurrentVersion.targets(5094,5): warning MSB3026: No se pudo copiar "D:\Documentos\SmartInventoryAPI\Application\bin\Debug\net10.0\Application.dll" en "bin\Debug\net10.0\Application.dll". Se iniciar├í el reintento 1 dentro de 1000ms. The process cannot access the file 'D:\Documentos\SmartInventoryAPI\Api\bin\Debug\net10.0\Application.dll' because it is being used by another process. El archivo se ha bloqueado por: "Api (18548)" [D:\Documentos\SmartInventoryAPI\Api\Api.csproj]
C:\Program Files\dotnet\sdk\10.0.203\Microsoft.Common.CurrentVersion.targets(5094,5): warning MSB3026: No se pudo copiar "D:\Documentos\SmartInventoryAPI\Infrastructure\bin\Debug\net10.0\Infrastructure.dll" en "bin\Debug\net10.0\Infrastructure.dll". Se iniciar├í el reintento 2 dentro de 1000ms. The process cannot access the file 'D:\Documentos\SmartInventoryAPI\Api\bin\Debug\net10.0\Infrastructure.dll' because it is being used by another process. El archivo se ha bloqueado por: "Api (18548)" [D:\Documentos\SmartInventoryAPI\Api\Api.csproj]
C:\Program Files\dotnet\sdk\10.0.203\Microsoft.Common.CurrentVersion.targets(5094,5): warning MSB3026: No se pudo copiar "D:\Documentos\SmartInventoryAPI\Domain\bin\Debug\net10.0\Domain.dll" en "bin\Debug\net10.0\Domain.dll". Se iniciar├í el reintento 2 dentro de 1000ms. The process cannot access the file 'D:\Documentos\SmartInventoryAPI\Api\bin\Debug\net10.0\Domain.dll' because it is being used by another process. El archivo se ha bloqueado por: "Api (18548)" [D:\Documentos\SmartInventoryAPI\Api\Api.csproj]
C:\Program Files\dotnet\sdk\10.0.203\Microsoft.Common.CurrentVersion.targets(5094,5): warning MSB3026: No se pudo copiar "D:\Documentos\SmartInventoryAPI\Application\bin\Debug\net10.0\Application.dll" en "bin\Debug\net10.0\Application.dll". Se iniciar├í el reintento 2 dentro de 1000ms. The process cannot access the file 'D:\Documentos\SmartInventoryAPI\Api\bin\Debug\net10.0\Application.dll' because it is being used by another process. El archivo se ha bloqueado por: "Api (18548)" [D:\Documentos\SmartInventoryAPI\Api\Api.csproj]
C:\Program Files\dotnet\sdk\10.0.203\Microsoft.Common.CurrentVersion.targets(5094,5): warning MSB3026: No se pudo copiar "D:\Documentos\SmartInventoryAPI\Application\bin\Debug\net10.0\Application.dll" en "bin\Debug\net10.0\Application.dll". Se iniciar├í el reintento 3 dentro de 1000ms. The process cannot access the file 'D:\Documentos\SmartInventoryAPI\Api\bin\Debug\net10.0\Application.dll' because it is being used by another process. El archivo se ha bloqueado por: "Api (18548)" [D:\Documentos\SmartInventoryAPI\Api\Api.csproj]
C:\Program Files\dotnet\sdk\10.0.203\Microsoft.Common.CurrentVersion.targets(5094,5): warning MSB3026: No se pudo copiar "D:\Documentos\SmartInventoryAPI\Domain\bin\Debug\net10.0\Domain.dll" en "bin\Debug\net10.0\Domain.dll". Se iniciar├í el reintento 3 dentro de 1000ms. The process cannot access the file 'D:\Documentos\SmartInventoryAPI\Api\bin\Debug\net10.0\Domain.dll' because it is being used by another process. El archivo se ha bloqueado por: "Api (18548)" [D:\Documentos\SmartInventoryAPI\Api\Api.csproj]
C:\Program Files\dotnet\sdk\10.0.203\Microsoft.Common.CurrentVersion.targets(5094,5): warning MSB3026: No se pudo copiar "D:\Documentos\SmartInventoryAPI\Infrastructure\bin\Debug\net10.0\Infrastructure.dll" en "bin\Debug\net10.0\Infrastructure.dll". Se iniciar├í el reintento 3 dentro de 1000ms. The process cannot access the file 'D:\Documentos\SmartInventoryAPI\Api\bin\Debug\net10.0\Infrastructure.dll' because it is being used by another process. El archivo se ha bloqueado por: "Api (18548)" [D:\Documentos\SmartInventoryAPI\Api\Api.csproj]
C:\Program Files\dotnet\sdk\10.0.203\Microsoft.Common.CurrentVersion.targets(5094,5): warning MSB3026: No se pudo copiar "D:\Documentos\SmartInventoryAPI\Application\bin\Debug\net10.0\Application.dll" en "bin\Debug\net10.0\Application.dll". Se iniciar├í el reintento 4 dentro de 1000ms. The process cannot access the file 'D:\Documentos\SmartInventoryAPI\Api\bin\Debug\net10.0\Application.dll' because it is being used by another process. El archivo se ha bloqueado por: "Api (18548)" [D:\Documentos\SmartInventoryAPI\Api\Api.csproj]
C:\Program Files\dotnet\sdk\10.0.203\Microsoft.Common.CurrentVersion.targets(5094,5): warning MSB3026: No se pudo copiar "D:\Documentos\SmartInventoryAPI\Domain\bin\Debug\net10.0\Domain.dll" en "bin\Debug\net10.0\Domain.dll". Se iniciar├í el reintento 4 dentro de 1000ms. The process cannot access the file 'D:\Documentos\SmartInventoryAPI\Api\bin\Debug\net10.0\Domain.dll' because it is being used by another process. El archivo se ha bloqueado por: "Api (18548)" [D:\Documentos\SmartInventoryAPI\Api\Api.csproj]
C:\Program Files\dotnet\sdk\10.0.203\Microsoft.Common.CurrentVersion.targets(5094,5): warning MSB3026: No se pudo copiar "D:\Documentos\SmartInventoryAPI\Infrastructure\bin\Debug\net10.0\Infrastructure.dll" en "bin\Debug\net10.0\Infrastructure.dll". Se iniciar├í el reintento 4 dentro de 1000ms. The process cannot access the file 'D:\Documentos\SmartInventoryAPI\Api\bin\Debug\net10.0\Infrastructure.dll' because it is being used by another process. El archivo se ha bloqueado por: "Api (18548)" [D:\Documentos\SmartInventoryAPI\Api\Api.csproj]
C:\Program Files\dotnet\sdk\10.0.203\Microsoft.Common.CurrentVersion.targets(5094,5): warning MSB3026: No se pudo copiar "D:\Documentos\SmartInventoryAPI\Application\bin\Debug\net10.0\Application.dll" en "bin\Debug\net10.0\Application.dll". Se iniciar├í el reintento 5 dentro de 1000ms. The process cannot access the file 'D:\Documentos\SmartInventoryAPI\Api\bin\Debug\net10.0\Application.dll' because it is being used by another process. El archivo se ha bloqueado por: "Api (18548)" [D:\Documentos\SmartInventoryAPI\Api\Api.csproj]
C:\Program Files\dotnet\sdk\10.0.203\Microsoft.Common.CurrentVersion.targets(5094,5): warning MSB3026: No se pudo copiar "D:\Documentos\SmartInventoryAPI\Domain\bin\Debug\net10.0\Domain.dll" en "bin\Debug\net10.0\Domain.dll". Se iniciar├í el reintento 5 dentro de 1000ms. The process cannot access the file 'D:\Documentos\SmartInventoryAPI\Api\bin\Debug\net10.0\Domain.dll' because it is being used by another process. El archivo se ha bloqueado por: "Api (18548)" [D:\Documentos\SmartInventoryAPI\Api\Api.csproj]
C:\Program Files\dotnet\sdk\10.0.203\Microsoft.Common.CurrentVersion.targets(5094,5): warning MSB3026: No se pudo copiar "D:\Documentos\SmartInventoryAPI\Infrastructure\bin\Debug\net10.0\Infrastructure.dll" en "bin\Debug\net10.0\Infrastructure.dll". Se iniciar├í el reintento 5 dentro de 1000ms. The process cannot access the file 'D:\Documentos\SmartInventoryAPI\Api\bin\Debug\net10.0\Infrastructure.dll' because it is being used by another process. El archivo se ha bloqueado por: "Api (18548)" [D:\Documentos\SmartInventoryAPI\Api\Api.csproj]
C:\Program Files\dotnet\sdk\10.0.203\Microsoft.Common.CurrentVersion.targets(5094,5): warning MSB3026: No se pudo copiar "D:\Documentos\SmartInventoryAPI\Application\bin\Debug\net10.0\Application.dll" en "bin\Debug\net10.0\Application.dll". Se iniciar├í el reintento 6 dentro de 1000ms. The process cannot access the file 'D:\Documentos\SmartInventoryAPI\Api\bin\Debug\net10.0\Application.dll' because it is being used by another process. El archivo se ha bloqueado por: "Api (18548)" [D:\Documentos\SmartInventoryAPI\Api\Api.csproj]
C:\Program Files\dotnet\sdk\10.0.203\Microsoft.Common.CurrentVersion.targets(5094,5): warning MSB3026: No se pudo copiar "D:\Documentos\SmartInventoryAPI\Domain\bin\Debug\net10.0\Domain.dll" en "bin\Debug\net10.0\Domain.dll". Se iniciar├í el reintento 6 dentro de 1000ms. The process cannot access the file 'D:\Documentos\SmartInventoryAPI\Api\bin\Debug\net10.0\Domain.dll' because it is being used by another process. El archivo se ha bloqueado por: "Api (18548)" [D:\Documentos\SmartInventoryAPI\Api\Api.csproj]
C:\Program Files\dotnet\sdk\10.0.203\Microsoft.Common.CurrentVersion.targets(5094,5): warning MSB3026: No se pudo copiar "D:\Documentos\SmartInventoryAPI\Infrastructure\bin\Debug\net10.0\Infrastructure.dll" en "bin\Debug\net10.0\Infrastructure.dll". Se iniciar├í el reintento 6 dentro de 1000ms. The process cannot access the file 'D:\Documentos\SmartInventoryAPI\Api\bin\Debug\net10.0\Infrastructure.dll' because it is being used by another process. El archivo se ha bloqueado por: "Api (18548)" [D:\Documentos\SmartInventoryAPI\Api\Api.csproj]
C:\Program Files\dotnet\sdk\10.0.203\Microsoft.Common.CurrentVersion.targets(5094,5): warning MSB3026: No se pudo copiar "D:\Documentos\SmartInventoryAPI\Application\bin\Debug\net10.0\Application.dll" en "bin\Debug\net10.0\Application.dll". Se iniciar├í el reintento 7 dentro de 1000ms. The process cannot access the file 'D:\Documentos\SmartInventoryAPI\Api\bin\Debug\net10.0\Application.dll' because it is being used by another process. El archivo se ha bloqueado por: "Api (18548)" [D:\Documentos\SmartInventoryAPI\Api\Api.csproj]
C:\Program Files\dotnet\sdk\10.0.203\Microsoft.Common.CurrentVersion.targets(5094,5): warning MSB3026: No se pudo copiar "D:\Documentos\SmartInventoryAPI\Infrastructure\bin\Debug\net10.0\Infrastructure.dll" en "bin\Debug\net10.0\Infrastructure.dll". Se iniciar├í el reintento 7 dentro de 1000ms. The process cannot access the file 'D:\Documentos\SmartInventoryAPI\Api\bin\Debug\net10.0\Infrastructure.dll' because it is being used by another process. El archivo se ha bloqueado por: "Api (18548)" [D:\Documentos\SmartInventoryAPI\Api\Api.csproj]
C:\Program Files\dotnet\sdk\10.0.203\Microsoft.Common.CurrentVersion.targets(5094,5): warning MSB3026: No se pudo copiar "D:\Documentos\SmartInventoryAPI\Domain\bin\Debug\net10.0\Domain.dll" en "bin\Debug\net10.0\Domain.dll". Se iniciar├í el reintento 7 dentro de 1000ms. The process cannot access the file 'D:\Documentos\SmartInventoryAPI\Api\bin\Debug\net10.0\Domain.dll' because it is being used by another process. El archivo se ha bloqueado por: "Api (18548)" [D:\Documentos\SmartInventoryAPI\Api\Api.csproj]
C:\Program Files\dotnet\sdk\10.0.203\Microsoft.Common.CurrentVersion.targets(5094,5): warning MSB3026: No se pudo copiar "D:\Documentos\SmartInventoryAPI\Application\bin\Debug\net10.0\Application.dll" en "bin\Debug\net10.0\Application.dll". Se iniciar├í el reintento 8 dentro de 1000ms. The process cannot access the file 'D:\Documentos\SmartInventoryAPI\Api\bin\Debug\net10.0\Application.dll' because it is being used by another process. El archivo se ha bloqueado por: "Api (18548)" [D:\Documentos\SmartInventoryAPI\Api\Api.csproj]
C:\Program Files\dotnet\sdk\10.0.203\Microsoft.Common.CurrentVersion.targets(5094,5): warning MSB3026: No se pudo copiar "D:\Documentos\SmartInventoryAPI\Infrastructure\bin\Debug\net10.0\Infrastructure.dll" en "bin\Debug\net10.0\Infrastructure.dll". Se iniciar├í el reintento 8 dentro de 1000ms. The process cannot access the file 'D:\Documentos\SmartInventoryAPI\Api\bin\Debug\net10.0\Infrastructure.dll' because it is being used by another process. El archivo se ha bloqueado por: "Api (18548)" [D:\Documentos\SmartInventoryAPI\Api\Api.csproj]
C:\Program Files\dotnet\sdk\10.0.203\Microsoft.Common.CurrentVersion.targets(5094,5): warning MSB3026: No se pudo copiar "D:\Documentos\SmartInventoryAPI\Domain\bin\Debug\net10.0\Domain.dll" en "bin\Debug\net10.0\Domain.dll". Se iniciar├í el reintento 8 dentro de 1000ms. The process cannot access the file 'D:\Documentos\SmartInventoryAPI\Api\bin\Debug\net10.0\Domain.dll' because it is being used by another process. El archivo se ha bloqueado por: "Api (18548)" [D:\Documentos\SmartInventoryAPI\Api\Api.csproj]
C:\Program Files\dotnet\sdk\10.0.203\Microsoft.Common.CurrentVersion.targets(5094,5): warning MSB3026: No se pudo copiar "D:\Documentos\SmartInventoryAPI\Application\bin\Debug\net10.0\Application.dll" en "bin\Debug\net10.0\Application.dll". Se iniciar├í el reintento 9 dentro de 1000ms. The process cannot access the file 'D:\Documentos\SmartInventoryAPI\Api\bin\Debug\net10.0\Application.dll' because it is being used by another process. El archivo se ha bloqueado por: "Api (18548)" [D:\Documentos\SmartInventoryAPI\Api\Api.csproj]
C:\Program Files\dotnet\sdk\10.0.203\Microsoft.Common.CurrentVersion.targets(5094,5): warning MSB3026: No se pudo copiar "D:\Documentos\SmartInventoryAPI\Infrastructure\bin\Debug\net10.0\Infrastructure.dll" en "bin\Debug\net10.0\Infrastructure.dll". Se iniciar├í el reintento 9 dentro de 1000ms. The process cannot access the file 'D:\Documentos\SmartInventoryAPI\Api\bin\Debug\net10.0\Infrastructure.dll' because it is being used by another process. El archivo se ha bloqueado por: "Api (18548)" [D:\Documentos\SmartInventoryAPI\Api\Api.csproj]
C:\Program Files\dotnet\sdk\10.0.203\Microsoft.Common.CurrentVersion.targets(5094,5): warning MSB3026: No se pudo copiar "D:\Documentos\SmartInventoryAPI\Domain\bin\Debug\net10.0\Domain.dll" en "bin\Debug\net10.0\Domain.dll". Se iniciar├í el reintento 9 dentro de 1000ms. The process cannot access the file 'D:\Documentos\SmartInventoryAPI\Api\bin\Debug\net10.0\Domain.dll' because it is being used by another process. El archivo se ha bloqueado por: "Api (18548)" [D:\Documentos\SmartInventoryAPI\Api\Api.csproj]
C:\Program Files\dotnet\sdk\10.0.203\Microsoft.Common.CurrentVersion.targets(5094,5): warning MSB3026: No se pudo copiar "D:\Documentos\SmartInventoryAPI\Application\bin\Debug\net10.0\Application.dll" en "bin\Debug\net10.0\Application.dll". Se iniciar├í el reintento 10 dentro de 1000ms. The process cannot access the file 'D:\Documentos\SmartInventoryAPI\Api\bin\Debug\net10.0\Application.dll' because it is being used by another process. El archivo se ha bloqueado por: "Api (18548)" [D:\Documentos\SmartInventoryAPI\Api\Api.csproj]
C:\Program Files\dotnet\sdk\10.0.203\Microsoft.Common.CurrentVersion.targets(5094,5): warning MSB3026: No se pudo copiar "D:\Documentos\SmartInventoryAPI\Infrastructure\bin\Debug\net10.0\Infrastructure.dll" en "bin\Debug\net10.0\Infrastructure.dll". Se iniciar├í el reintento 10 dentro de 1000ms. The process cannot access the file 'D:\Documentos\SmartInventoryAPI\Api\bin\Debug\net10.0\Infrastructure.dll' because it is being used by another process. El archivo se ha bloqueado por: "Api (18548)" [D:\Documentos\SmartInventoryAPI\Api\Api.csproj]
C:\Program Files\dotnet\sdk\10.0.203\Microsoft.Common.CurrentVersion.targets(5094,5): warning MSB3026: No se pudo copiar "D:\Documentos\SmartInventoryAPI\Domain\bin\Debug\net10.0\Domain.dll" en "bin\Debug\net10.0\Domain.dll". Se iniciar├í el reintento 10 dentro de 1000ms. The process cannot access the file 'D:\Documentos\SmartInventoryAPI\Api\bin\Debug\net10.0\Domain.dll' because it is being used by another process. El archivo se ha bloqueado por: "Api (18548)" [D:\Documentos\SmartInventoryAPI\Api\Api.csproj]
C:\Program Files\dotnet\sdk\10.0.203\Microsoft.Common.CurrentVersion.targets(5094,5): error MSB3027: No se pudo copiar "D:\Documentos\SmartInventoryAPI\Application\bin\Debug\net10.0\Application.dll" en "bin\Debug\net10.0\Application.dll". Se super├│ el n├║mero de 10 reintentos. Error. El archivo se ha bloqueado por: "Api (18548)" [D:\Documentos\SmartInventoryAPI\Api\Api.csproj]
C:\Program Files\dotnet\sdk\10.0.203\Microsoft.Common.CurrentVersion.targets(5094,5): error MSB3021: No se puede copiar "D:\Documentos\SmartInventoryAPI\Application\bin\Debug\net10.0\Application.dll" en "bin\Debug\net10.0\Application.dll". The process cannot access the file 'D:\Documentos\SmartInventoryAPI\Api\bin\Debug\net10.0\Application.dll' because it is being used by another process. [D:\Documentos\SmartInventoryAPI\Api\Api.csproj]
C:\Program Files\dotnet\sdk\10.0.203\Microsoft.Common.CurrentVersion.targets(5094,5): error MSB3027: No se pudo copiar "D:\Documentos\SmartInventoryAPI\Infrastructure\bin\Debug\net10.0\Infrastructure.dll" en "bin\Debug\net10.0\Infrastructure.dll". Se super├│ el n├║mero de 10 reintentos. Error. El archivo se ha bloqueado por: "Api (18548)" [D:\Documentos\SmartInventoryAPI\Api\Api.csproj]
C:\Program Files\dotnet\sdk\10.0.203\Microsoft.Common.CurrentVersion.targets(5094,5): error MSB3021: No se puede copiar "D:\Documentos\SmartInventoryAPI\Infrastructure\bin\Debug\net10.0\Infrastructure.dll" en "bin\Debug\net10.0\Infrastructure.dll". The process cannot access the file 'D:\Documentos\SmartInventoryAPI\Api\bin\Debug\net10.0\Infrastructure.dll' because it is being used by another process. [D:\Documentos\SmartInventoryAPI\Api\Api.csproj]
C:\Program Files\dotnet\sdk\10.0.203\Microsoft.Common.CurrentVersion.targets(5094,5): error MSB3027: No se pudo copiar "D:\Documentos\SmartInventoryAPI\Domain\bin\Debug\net10.0\Domain.dll" en "bin\Debug\net10.0\Domain.dll". Se super├│ el n├║mero de 10 reintentos. Error. El archivo se ha bloqueado por: "Api (18548)" [D:\Documentos\SmartInventoryAPI\Api\Api.csproj]
C:\Program Files\dotnet\sdk\10.0.203\Microsoft.Common.CurrentVersion.targets(5094,5): error MSB3021: No se puede copiar "D:\Documentos\SmartInventoryAPI\Domain\bin\Debug\net10.0\Domain.dll" en "bin\Debug\net10.0\Domain.dll". The process cannot access the file 'D:\Documentos\SmartInventoryAPI\Api\bin\Debug\net10.0\Domain.dll' because it is being used by another process. [D:\Documentos\SmartInventoryAPI\Api\Api.csproj]
    30 Advertencia(s)
    6 Errores

Tiempo transcurrido 00:00:14.32
